// Jest Snapshot v1, https://goo.gl/fbAQLP

exports[`NameList matches snapshot 1`] = `
<ul>
  <li>
    undefined  undefined
  </li>
  <li>
    undefined  undefined
  </li>
</ul>
`;
